// Jest Snapshot v1, https://goo.gl/fbAQLP

exports[`<Recover component rendering 1`] = `
<main
  className="MuiContainer-root MuiContainer-maxWidthXs css-1yiz356-MuiContainer-root"
>
  <div
    className="MuiPaper-root MuiPaper-outlined MuiPaper-rounded MuiCard-root css-he3bwl-MuiPaper-root-MuiCard-root"
  >
    <form
      action="#"
      onReset={[Function]}
      onSubmit={[Function]}
    >
      <div
        className="MuiGrid-root MuiGrid-container MuiGrid-spacing-xs-2 css-mhc70k-MuiGrid-root"
      >
        <div
          className="MuiGrid-root MuiGrid-item MuiGrid-grid-xs-12 css-1idn90j-MuiGrid-root"
        >
          <h1
            className="MuiTypography-root MuiTypography-h5 css-ag7rrr-MuiTypography-root"
          >
            Recover your username
          </h1>
        </div>
        <div
          className="MuiGrid-root MuiGrid-item MuiGrid-grid-xs-12 css-1idn90j-MuiGrid-root"
        >
          <div
            className="MuiFormControl-root MuiFormControl-fullWidth MuiTextField-root css-wb57ya-MuiFormControl-root-MuiTextField-root"
          >
            <label
              className="MuiFormLabel-root MuiInputLabel-root MuiInputLabel-formControl MuiInputLabel-animated MuiInputLabel-outlined MuiFormLabel-colorPrimary Mui-required MuiInputLabel-root MuiInputLabel-formControl MuiInputLabel-animated MuiInputLabel-outlined css-14s5rfu-MuiFormLabel-root-MuiInputLabel-root"
              data-shrink={false}
              htmlFor=":r0:"
              id=":r0:-label"
            >
              Email
              <span
                aria-hidden={true}
                className="MuiFormLabel-asterisk MuiInputLabel-asterisk css-wgai2y-MuiFormLabel-asterisk"
              >
                 
                *
              </span>
            </label>
            <div
              className="MuiInputBase-root MuiOutlinedInput-root MuiInputBase-colorPrimary MuiInputBase-fullWidth MuiInputBase-formControl css-md26zr-MuiInputBase-root-MuiOutlinedInput-root"
              onClick={[Function]}
            >
              <input
                aria-invalid={false}
                autoComplete="off"
                autoFocus={false}
                className="MuiInputBase-input MuiOutlinedInput-input css-1t8l2tu-MuiInputBase-input-MuiOutlinedInput-input"
                disabled={false}
                id=":r0:"
                name="email"
                onAnimationStart={[Function]}
                onBlur={[Function]}
                onChange={[Function]}
                onFocus={[Function]}
                required={true}
                type="text"
                value=""
              />
              <fieldset
                aria-hidden={true}
                className="MuiOutlinedInput-notchedOutline css-1d3z3hw-MuiOutlinedInput-notchedOutline"
              >
                <legend
                  className="css-yjsfm1"
                >
                  <span>
                    Email
                     
                    *
                  </span>
                </legend>
              </fieldset>
            </div>
          </div>
        </div>
        <div
          className="MuiGrid-root MuiGrid-item MuiGrid-grid-xs-12 css-1idn90j-MuiGrid-root"
        >
          <button
            className="MuiButtonBase-root MuiButton-root MuiButton-contained MuiButton-containedPrimary MuiButton-sizeLarge MuiButton-containedSizeLarge MuiButton-fullWidth MuiButton-root MuiButton-contained MuiButton-containedPrimary MuiButton-sizeLarge MuiButton-containedSizeLarge MuiButton-fullWidth css-1i1t3do-MuiButtonBase-root-MuiButton-root"
            data-testid="recover-button"
            disabled={false}
            onBlur={[Function]}
            onContextMenu={[Function]}
            onDragLeave={[Function]}
            onFocus={[Function]}
            onKeyDown={[Function]}
            onKeyUp={[Function]}
            onMouseDown={[Function]}
            onMouseLeave={[Function]}
            onMouseUp={[Function]}
            onTouchEnd={[Function]}
            onTouchMove={[Function]}
            onTouchStart={[Function]}
            tabIndex={0}
            type="submit"
          >
            Recover Username
          </button>
        </div>
        <div
          className="MuiGrid-root MuiGrid-item MuiGrid-grid-xs-12 css-1idn90j-MuiGrid-root"
        >
          <a
            className="MuiTypography-root MuiTypography-body2 MuiLink-root MuiLink-underlineAlways css-101ca9i-MuiTypography-root-MuiLink-root"
            href="/login"
            onBlur={[Function]}
            onFocus={[Function]}
          >
            Return to login
          </a>
        </div>
      </div>
    </form>
  </div>
</main>
`;
