// Jest Snapshot v1, https://goo.gl/fbAQLP

exports[`RobotStatsDialog should match Snapshot 1`] = `null`;
